mic rx buffm: 32
I (785) wifi:Init static rx mgmt buffer num: 5
I (785) wifi:Init managemenï¿½ESP-ROM:esp32s3-20210327
Build:Mar 27 2021
rst:0x1 (POWERON),boot:0x28 (SPI_FAST_FLASH_BOOT)
SPIWP:0xee
mode:DIO, clock div:1
load:0x3fce3810,len:0x178c
load:0x403c9700,len:0x4
load:0x403c9704,len:0xcbc
load:0x403cc700,len:0x2d98
entry 0x403c9914
[0;32mI (27) boot: ESP-IDF v5.2 2nd stage bootloader[0m
[0;32mI (27) boot: compile time May 17 2024 11:54:22[0m
[0;32mI (27) boot: Multicore bootloader[0m
[0;32mI (30) boot: chip revision: v0.2[0m
[0;32mI (34) boot.esp32s3: Boot SPI Speed : 80MHz[0m
[0;32mI (38) boot.esp32s3: SPI Mode       : DIO[0m
[0;32mI (43) boot.esp32s3: SPI Flash Size : 8MB[0m
[0;32mI (48) boot: Enabling RNG early entropy source...[0m
[0;32mI (53) boot: Partition Table:[0m
[0;32mI (57) boot: ## Label            Usage          Type ST Offset   Length[0m
[0;32mI (64) boot:  0 nvs              WiFi data        01 02 00009000 00006000[0m
[0;32mI (72) boot:  1 phy_init         RF data          01 01 0000f000 00001000[0m
[0;32mI (79) boot:  2 factory          factory app      00 00 00010000 00100000[0m
[0;32mI (87) boot: End of partition table[0m
[0;32mI (91) esp_image: segment 0: paddr=00010020 vaddr=3c0a0020 size=2d4d4h (185556) map[0m
[0;32mI (132) esp_image: segment 1: paddr=0003d4fc vaddr=3fc98500 size=02b1ch ( 11036) load[0m
[0;32mI (135) esp_image: segment 2: paddr=00040020 vaddr=42000020 size=9c444h (640068) map[0m
[0;32mI (253) esp_image: segment 3: paddr=000dc46c vaddr=3fc9b01c size=01bc0h (  7104) load[0m
[0;32mI (255) esp_image: segment 4: paddr=000de034 vaddr=40374000 size=144c8h ( 83144) load[0m
[0;32mI (285) boot: Loaded app from partition at offset 0x10000[0m
[0;32mI (285) boot: Disabling RNG early entropy source...[0m
[0;32mI (297) cpu_start: Multicore app[0m
[0;32mI (307) cpu_start: Pro cpu start user code[0m
[0;32mI (307) cpu_start: cpu freq: 160000000 Hz[0m
[0;32mI (307) cpu_start: Application information:[0m
[0;32mI (310) cpu_start: Project name:     fft2r[0m
[0;32mI (315) cpu_start: App version:      c5bc666-dirty[0m
[0;32mI (320) cpu_start: Compile time:     May 22 2024 15:19:54[0m
[0;32mI (326) cpu_start: ELF file SHA256:  7a92c5e97...[0m
[0;32mI (332) cpu_start: ESP-IDF:          v5.2[0m
[0;32mI (336) cpu_start: Min chip rev:     v0.0[0m
[0;32mI (341) cpu_start: Max chip rev:     v0.99 [0m
[0;32mI (346) cpu_start: Chip rev:         v0.2[0m
[0;32mI (351) heap_init: Initializing. RAM available for dynamic allocation:[0m
[0;32mI (358) heap_init: At 3FCA5C70 len 00043AA0 (270 KiB): RAM[0m
[0;32mI (364) heap_init: At 3FCE9710 len 00005724 (21 KiB): RAM[0m
[0;32mI (370) heap_init: At 3FCF0000 len 00008000 (32 KiB): DRAM[0m
[0;32mI (376) heap_init: At 600FE010 len 00001FD8 (7 KiB): RTCRAM[0m
[0;32mI (383) spi_flash: detected chip: gd[0m
[0;32mI (387) spi_flash: flash io: dio[0m
[0;32mI (391) sleep: Configure to isolate all GPIO pins in sleep state[0m
[0;32mI (398) sleep: Enable automatic switching of GPIO sleep configuration[0m
[0;32mI (405) main_task: Started on CPU0[0m
[0;32mI (415) main_task: Calling app_main()[0m
[0;32mI (415) main: Signal sampling START[0m
[0;32mI (455) signal_sampling: Signal sampling over [0m
[0;32mI (455) FFT: Start FFT.[0m
[0;32mI (475) FFT: THE MAX Index is 8[0m
[0;33mW (475) FFT: FFT[0m
[0;32mI (475) view: Data min[404] = -152.190186, Data max[4] = 34.055954[0m
 ________________________________________________________________
0|                                                               |
1|                                                               |
2|                                                               |
3|                                                               |
4||                                                              |
5||                                                              |
6 |                                                              |
7  |                                                             |
8  ||                                                            |
9    |||||||||||||||||||||||||||||||||||||||||||||||||||||||||||||
 0123456789012345678901234567890123456789012345678901234567890123
[0;32mI (545) view: Plot: Length=512, min=-60.000000, max=40.000000[0m
[0;32mI (555) FFT: FFT for 1024 complex points take 130386 cycles[0m
[0;32mI (555) FFT: The maximum frequency of the signal is 390.625000, and the relative magnitude value is 1614.164551[0m
[0;32mI (565) FFT: FFT calculation and max frequency retrieval is over[0m
[0;32mI (575) main: The proper resampling frequency is 782[0m
[0;32mI (585) main: Signal resampling START[0m
[0;32mI (725) signal_resampling: Signal resampling over [0m
[0;32mI (725) signal_mean: Signal mean over [0m
[0;32mI (755) example_connect: Start example_connect.[0m
[0;32mI (755) pp: pp rom version: e7ae62f[0m
[0;32mI (755) net80211: net80211 rom version: e7ae62f[0m
I (765) wifi:wifi driver task: 3fcb5bd0, prio:23, stack:6656, core=0
I (775) wifi:wifi firmware version: cc1dd81
I (775) wifi:wifi certification version: v7.0
I (775) wifi:config NVS flash: enabled
I (775) wifi:config nano formating: disabled
I (775) wifi:Init data frame dynamic rx buffer num: 32
I (785) wifi:Init static rx mgmt buffer num: 5
I (785) wifi:Init management short buffer num: 32
I (795) wifi:Init dynamic tx buffer num: 32
I (795) wifi:Init static tx FG buffer num: 2
I (795) wifi:Init static rx buffer size: 1600
I (805) wifi:Init static rx buffer num: 10
I (805) wifi:Init dynamic rx buffer num: 32
[0;32mI (815) wifi_init: rx ba win: 6[0m
[0;32mI (815) wifi_init: tcpip mbox: 32[0m
[0;32mI (815) wifi_init: udp mbox: 6[0m
[0;32mI (825) wifi_init: tcp mbox: 6[0m
[0;32mI (825) wifi_init: tcp tx win: 5760[0m
[0;32mI (835) wifi_init: tcp rx win: 5760[0m
[0;32mI (835) wifi_init: tcp mss: 1440[0m
[0;32mI (835) wifi_init: WiFi IRAM OP enabled[0m
[0;32mI (845) wifi_init: WiFi RX IRAM OP enabled[0m
[0;32mI (845) phy_init: phy_version 620,ec7ec30,Sep  5 2023,13:49:13[0m
I (895) wifi:mode : sta (48:27:e2:e2:ee:98)
I (895) wifi:enable tsf
[0;32mI (895) example_connect: Connecting to iPhone (22)...[0m
[0;32mI (895) example_connect: Waiting for IP(s)[0m
I (3305) wifi:new:<6,0>, old:<1,0>, ap:<255,255>, sta:<6,0>, prof:1
I (3305) wifi:state: init -> auth (b0)
I (4045) wifi:state: auth -> assoc (0)
I (4075) wifi:state: assoc -> run (10)
I (4935) wifi:connected with iPhone (22), aid = 1, channel 6, BW20, bssid = d6:a1:3c:72:54:a3
I (4935) wifi:security: WPA3-SAE, phy: bgn, rssi: -56
I (4935) wifi:pm start, type: 1

I (4945) wifi:dp: 1, bi: 102400, li: 3, scale listen interval from 307200 us to 307200 us
I (4955) wifi:set rx beacon pti, rx_bcn_pti: 0, bcn_timeout: 25000, mt_pti: 0, mt_time: 10000
I (5015) wifi:AP's beacon interval = 102400 us, DTIM period = 1
[0;32mI (5955) esp_netif_handlers: example_netif_sta ip: 172.20.10.3, mask: 255.255.255.240, gw: 172.20.10.1[0m
[0;32mI (5955) example_connect: Got IPv4 event: Interface "example_netif_sta" address: 172.20.10.3[0m
[0;32mI (5955) example_common: Connected to example_netif_sta[0m
[0;32mI (5965) example_common: - IPv4 address: 172.20.10.3,[0m
[0;32mI (5975) MQTT: [APP] Free memory: 243304 bytes[0m
[0;32mI (5975) MQTT: Other event id:7[0m
[0;32mI (5985) main_task: Returned from app_main()[0m
I (11775) wifi:starting SA query procedure with AP(d6:a1:3c:72:54:a3)
I (11775) wifi:Send SA Query req with transaction id 5ce1
I (11975) wifi:Send SA Query req with transaction id 5ce2
I (12175) wifi:Send SA Query req with transaction id 5ce3
I (12375) wifi:Send SA Query req with transaction id 5ce4
I (12575) wifi:Send SA Query req with transaction id 5ce5
I (12775) wifi:Send SA Query req with transaction id 5ce6
I (12795) wifi:No response to 6 SA Queries, reset connection sending disassoc
I (12795) wifi:state: run -> init (d100)
I (12795) wifi:pm stop, total sleep time: 5206005 us / 7855314 us

I (12805) wifi:new:<6,0>, old:<6,0>, ap:<255,255>, sta:<6,0>, prof:1
[0;32mI (12815) example_connect: Wi-Fi disconnected, trying to reconnect...[0m
[0;31mE (12815) transport_base: poll_read select error 113, errno = Software caused connection abort, fd = 54[0m
[0;31mE (12825) mqtt_client: esp_mqtt_handle_transport_read_error: transport_read() error: errno=119[0m
[0;32mI (12835) MQTT: MQTT_EVENT_ERROR[0m
[0;32mI (12835) MQTT: Last error code reported from esp-tls: 0x0[0m
[0;32mI (12845) MQTT: Last tls stack error number: 0x0[0m
[0;32mI (12855) MQTT: Last captured errno : 113 (Software caused connection abort)[0m
[0;31mE (12855) mqtt_client: esp_mqtt_connect: mqtt_message_receive() returned -1[0m
[0;31mE (12865) mqtt_client: MQTT connect failed[0m
[0;32mI (12875) MQTT: MQTT_EVENT_DISCONNECTED[0m
I (15225) wifi:new:<6,0>, old:<6,0>, ap:<255,255>, sta:<6,0>, prof:1
I (15225) wifi:state: init -> auth (b0)
I (15985) wifi:state: auth -> assoc (0)
I (15995) wifi:state: assoc -> run (10)
I (16075) wifi:connected with iPhone (22), aid = 1, channel 6, BW20, bssid = d6:a1:3c:72:54:a3
I (16075) wifi:security: WPA3-SAE, phy: bgn, rssi: -56
I (16075) wifi:pm start, type: 1

I (16075) wifi:set rx beacon pti, rx_bcn_pti: 0, bcn_timeout: 25000, mt_pti: 0, mt_time: 10000
I (16095) wifi:<ba-add>idx:0 (ifx:0, d6:a1:3c:72:54:a3), tid:0, ssn:2, winSize:64
I (16175) wifi:AP's beacon interval = 102400 us, DTIM period = 1
[0;32mI (17085) esp_netif_handlers: example_netif_sta ip: 172.20.10.3, mask: 255.255.255.240, gw: 172.20.10.1[0m
[0;32mI (17085) example_connect: Got IPv4 event: Interface "example_netif_sta" address: 172.20.10.3[0m
[0;32mI (27875) MQTT: Other event id:7[0m
[0;32mI (29695) MQTT: MQTT_EVENT_CONNECTED[0m
[0;32mI (29695) MQTT: sent subscribe successful, msg_id=29497[0m
[0;32mI (30015) MQTT: MQTT_EVENT_SUBSCRIBED, msg_id=29497[0m
[0;32mI (30015) MQTT: sent publish successful, msg_id=0[0m
[0;32mI (30025) MQTT: The total latency is 29610 milliseconds[0m
[0;32mI (30305) MQTT: MQTT_EVENT_DATA[0m
TOPIC=/topic/privIot
DATA=The average of the signal is: -0.0000005
