ESP-ROM:esp32s3-20210327
Build:Mar 27 2021
rst:0x1 (POWERON),boot:0x8 (SPI_FAST_FLASH_BOOT)
SPIWP:0xee
mode:DIO, clock div:1
load:0x3fce3810,len:0x178c
load:0x403c9700,len:0x4
load:0x403c9704,len:0xcbc
load:0x403cc700,len:0x2d98
entry 0x403c9914
[0;32mI (27) boot: ESP-IDF v5.2 2nd stage bootloader[0m
[0;32mI (27) boot: compile time May 17 2024 11:54:22[0m
[0;32mI (27) boot: Multicore bootloader[0m
[0;32mI (30) boot: chip revision: v0.2[0m
[0;32mI (34) boot.esp32s3: Boot SPI Speed : 80MHz[0m
[0;32mI (38) boot.esp32s3: SPI Mode       : DIO[0m
[0;32mI (43) boot.esp32s3: SPI Flash Size : 8MB[0m
[0;32mI (48) boot: Enabling RNG early entropy source...[0m
[0;32mI (53) boot: Partition Table:[0m
[0;32mI (57) boot: ## Label            Usage          Type ST Offset   Length[0m
[0;32mI (64) boot:  0 nvs              WiFi data        01 02 00009000 00006000[0m
[0;32mI (71) boot:  1 phy_init         RF data          01 01 0000f000 00001000[0m
[0;32mI (79) boot:  2 factory          factory app      00 00 00010000 00100000[0m
[0;32mI (86) boot: End of partition table[0m
[0;32mI (91) esp_image: segment 0: paddr=00010020 vaddr=3c090020 size=27428h (160808) map[0m
[0;32mI (128) esp_image: segment 1: paddr=00037450 vaddr=3fc98500 size=0463ch ( 17980) load[0m
[0;32mI (132) esp_image: segment 2: paddr=0003ba94 vaddr=40374000 size=04584h ( 17796) load[0m
[0;32mI (138) esp_image: segment 3: paddr=00040020 vaddr=42000020 size=82f6ch (536428) map[0m
[0;32mI (238) esp_image: segment 4: paddr=000c2f94 vaddr=40378584 size=0feb4h ( 65204) load[0m
[0;32mI (261) boot: Loaded app from partition at offset 0x10000[0m
[0;32mI (261) boot: Disabling RNG early entropy source...[0m
[0;32mI (273) cpu_start: Multicore app[0m
[0;32mI (283) cpu_start: Pro cpu start user code[0m
[0;32mI (283) cpu_start: cpu freq: 160000000 Hz[0m
[0;32mI (283) cpu_start: Application information:[0m
[0;32mI (286) cpu_start: Project name:     fft2r[0m
[0;32mI (291) cpu_start: App version:      51e3ed2-dirty[0m
[0;32mI (296) cpu_start: Compile time:     May 17 2024 11:53:57[0m
[0;32mI (302) cpu_start: ELF file SHA256:  9b7dcec98...[0m
[0;32mI (308) cpu_start: ESP-IDF:          v5.2[0m
[0;32mI (312) cpu_start: Min chip rev:     v0.0[0m
[0;32mI (317) cpu_start: Max chip rev:     v0.99 [0m
[0;32mI (322) cpu_start: Chip rev:         v0.2[0m
[0;32mI (327) heap_init: Initializing. RAM available for dynamic allocation:[0m
[0;32mI (334) heap_init: At 3FCA4DD8 len 00044938 (274 KiB): RAM[0m
[0;32mI (340) heap_init: At 3FCE9710 len 00005724 (21 KiB): RAM[0m
[0;32mI (346) heap_init: At 3FCF0000 len 00008000 (32 KiB): DRAM[0m
[0;32mI (352) heap_init: At 600FE010 len 00001FD8 (7 KiB): RTCRAM[0m
[0;32mI (359) spi_flash: detected chip: gd[0m
[0;32mI (363) spi_flash: flash io: dio[0m
[0;32mI (367) sleep: Configure to isolate all GPIO pins in sleep state[0m
[0;32mI (374) sleep: Enable automatic switching of GPIO sleep configuration[0m
[0;32mI (381) main_task: Started on CPU0[0m
[0;32mI (391) main_task: Calling app_main()[0m
[0;32mI (411) example_connect: Start example_connect.[0m
[0;32mI (411) pp: pp rom version: e7ae62f[0m
[0;32mI (411) net80211: net80211 rom version: e7ae62f[0m
I (431) wifi:wifi driver task: 3fcaec74, prio:23, stack:6656, core=0
I (441) wifi:wifi firmware version: cc1dd81
I (441) wifi:wifi certification version: v7.0
I (441) wifi:config NVS flash: enabled
I (441) wifi:config nano formating: disabled
I (441) wifi:Init data frame dynamic rx buffer num: 32
I (451) wifi:Init static rx mgmt buffer num: 5
I (451) wifi:Init management short buffer num: 32
I (461) wifi:Init dynamic tx buffer num: 32
I (461) wifi:Init static tx FG buffer num: 2
I (461) wifi:Init static rx buffer size: 1600
I (471) wifi:Init static rx buffer num: 10
I (471) wifi:Init dynamic rx buffer num: 32
[0;32mI (481) wifi_init: rx ba win: 6[0m
[0;32mI (481) wifi_init: tcpip mbox: 32[0m
[0;32mI (481) wifi_init: udp mbox: 6[0m
[0;32mI (491) wifi_init: tcp mbox: 6[0m
[0;32mI (491) wifi_init: tcp tx win: 5760[0m
[0;32mI (491) wifi_init: tcp rx win: 5760[0m
[0;32mI (501) wifi_init: tcp mss: 1440[0m
[0;32mI (501) wifi_init: WiFi IRAM OP enabled[0m
[0;32mI (511) wifi_init: WiFi RX IRAM OP enabled[0m
[0;32mI (511) phy_init: phy_version 620,ec7ec30,Sep  5 2023,13:49:13[0m
I (561) wifi:mode : sta (48:27:e2:e2:ee:98)
I (561) wifi:enable tsf
[0;32mI (561) example_connect: Connecting to iPhone (22)...[0m
[0;32mI (561) example_connect: Waiting for IP(s)[0m
I (2971) wifi:new:<6,0>, old:<1,0>, ap:<255,255>, sta:<6,0>, prof:1
I (2971) wifi:state: init -> auth (b0)
I (3711) wifi:state: auth -> assoc (0)
I (3711) wifi:Association refused temporarily, comeback time 196 (TUs)
I (3911) wifi:state: assoc -> assoc (0)
I (3921) wifi:Association refused temporarily, comeback time 196 (TUs)
I (4121) wifi:state: assoc -> assoc (0)
I (4121) wifi:Association refused temporarily, comeback time 196 (TUs)
I (4331) wifi:state: assoc -> assoc (0)
I (4331) wifi:Association refused temporarily, comeback time 196 (TUs)
I (4531) wifi:state: assoc -> assoc (0)
I (4541) wifi:state: assoc -> run (10)
I (4621) wifi:connected with iPhone (22), aid = 1, channel 6, BW20, bssid = 76:9e:15:48:c5:b7
I (4621) wifi:security: WPA3-SAE, phy: bgn, rssi: -74
I (4621) wifi:pm start, type: 1

I (4621) wifi:dp: 1, bi: 102400, li: 3, scale listen interval from 307200 us to 307200 us
I (4631) wifi:set rx beacon pti, rx_bcn_pti: 0, bcn_timeout: 25000, mt_pti: 0, mt_time: 10000
I (4651) wifi:<ba-add>idx:0 (ifx:0, 76:9e:15:48:c5:b7), tid:0, ssn:15, winSize:64
I (4721) wifi:AP's beacon interval = 102400 us, DTIM period = 1
[0;32mI (5641) esp_netif_handlers: example_netif_sta ip: 172.20.10.3, mask: 255.255.255.240, gw: 172.20.10.1[0m
[0;32mI (5641) example_connect: Got IPv4 event: Interface "example_netif_sta" address: 172.20.10.3[0m
[0;32mI (6411) example_connect: Got IPv6 event: Interface "example_netif_sta" address: fe80:0000:0000:0000:4a27:e2ff:fee2:ee98, type: ESP_IP6_ADDR_IS_LINK_LOCAL[0m
[0;32mI (6411) example_common: Connected to example_netif_sta[0m
[0;32mI (6421) example_common: - IPv4 address: 172.20.10.3,[0m
[0;32mI (6421) example_common: - IPv6 address: fe80:0000:0000:0000:4a27:e2ff:fee2:ee98, type: ESP_IP6_ADDR_IS_LINK_LOCAL[0m
[0;32mI (6431) main: Start FFT.[0m
[0;32mI (6491) main: THE MAX Index is 2[0m
[0;33mW (6491) main: Signal x1[0m
[0;32mI (6491) view: Data min[511] = -1.722893, Data max[220] = 5.672237[0m
 ________________________________________________________________
0                                                                |
1                                                                |
2                                                                |
3|||||||||||||||||||||||||||||||||||||||||||||||||||||||||||||||||
4                                                                |
5                                                                |
6                                                                |
7                                                                |
8                                                                |
9                                                                |
 0123456789012345678901234567890123456789012345678901234567890123
[0;32mI (6561) view: Plot: Length=512, min=-60.000000, max=40.000000[0m
[0;33mW (6571) main: FFT[0m
[0;32mI (6571) view: Data min[510] = -24.236752, Data max[1] = 42.183899[0m
 ________________________________________________________________
0|                                                               |
1|                                                               |
2||                                                              |
3  |||                                                           |
4     |||||||||||                                                |
5                |||||||||||||||||||||||||||||||||||||||||||||||||
6                                                                |
7                                                                |
8                                                                |
9                                                                |
 0123456789012345678901234567890123456789012345678901234567890123
[0;32mI (6651) view: Plot: Length=512, min=-60.000000, max=40.000000[0m
[0;32mI (6661) view: Data min[510] = -24.236752, Data max[1] = 42.183899[0m
 ________________________________________________________________
0|                                                               |
1|                                                               |
2||                                                              |
3  |||                                                           |
4     |||||||||||                                                |
5                |||||||||||||||||||||||||||||||||||||||||||||||||
6                                                                |
7                                                                |
8                                                                |
9                                                                |
 0123456789012345678901234567890123456789012345678901234567890123
[0;32mI (6731) view: Plot: Length=512, min=-60.000000, max=40.000000[0m
[0;32mI (6741) main: FFT for 1024 complex points take 129882 cycles[0m
[0;32mI (6751) main: The maximum frequency of the signal is 3.906250, and the relative magnitude value is 4114.764648[0m
[0;32mI (6761) main: Resampled at freq 8[0m
Guru Meditation Error: Core  1 panic'ed (LoadProhibited). Exception was unhandled.

Core  1 register dump:
PC      : 0x4037daac  PS      : 0x00060033  A0      : 0x8037e2f9  A1      : 0x3fca98d0  
A2      : 0xa5a5a5a5  A3      : 0xa5a5a5a5  A4      : 0x00000000  A5      : 0x00060023  
A6      : 0x00000001  A7      : 0x00000000  A8      : 0xa99ecbec  A9      : 0x00000001  
A10     : 0x00000014  A11     : 0x40000000  A12     : 0x00000001  A13     : 0x3fc9ce8c  
A14     : 0x40000000  A15     : 0x00000001  SAR     : 0x00000012  EXCCAUSE: 0x0000001c  
EXCVADDR: 0xa99ecbf8  LBEG    : 0x00000000  LEND    : 0x00000000  LCOUNT  : 0x00000000  


Backtrace: 0x4037daa9:0x3fca98d0 0x4037e2f6:0x3fca98f0 0x4037cf88:0x3fca9910 0x4037cf7e:0xa5a5a5a5 |<-CORRUPTED




ELF file SHA256: 9b7dcec98

Rebooting...
ï¿½ï¿½ï¿½ESP-ROM:esp32s3-20210327
Build:Mar 27 2021
rst:0xc (RTC_SW_CPU_RST),boot:0x8 (SPI_FAST_FLASH_BOOT)
Saved PC:0x4206a9ce
SPIWP:0xee
mode:DIO, clock div:1
load:0x3fce3810,len:0x178c
load:0x403c9700,len:0x4
load:0x403c9704,len:0xcbc
load:0x403cc700,len:0x2d98
entry 0x403c9914
[0;32mI (31) boot: ESP-IDF v5.2 2nd stage bootloader[0m
[0;32mI (31) boot: compile time May 17 2024 11:54:22[0m
[0;32mI (31) boot: Multicore bootloader[0m
[0;32mI (34) boot: chip revision: v0.2[0m
[0;32mI (38) boot.esp32s3: Boot SPI Speed : 80MHz[0m
[0;32mI (43) boot.esp32s3: SPI Mode       : DIO[0m
[0;32mI (47) boot.esp32s3: SPI Flash Size : 8MB[0m
[0;32mI (52) boot: Enabling RNG early entropy source...[0m
[0;32mI (58) boot: Partition Table:[0m
[0;32mI (61) boot: ## Label            Usage          Type ST Offset   Length[0m
[0;32mI (68) boot:  0 nvs              WiFi data        01 02 00009000 00006000[0m
[0;32mI (76) boot:  1 phy_init         RF data          01 01 0000f000 00001000[0m
[0;32mI (83) boot:  2 factory          factory app      00 00 00010000 00100000[0m
[0;32mI (91) boot: End of partition table[0m
[0;32mI (95) esp_image: segment 0: paddr=00010020 vaddr=3c090020 size=27428h (160808) map[0m
[0;32mI (132) esp_image: segment 1: paddr=00037450 vaddr=3fc98500 size=0463ch ( 17980) load[0m
[0;32mI (137) esp_image: segment 2: paddr=0003ba94 vaddr=40374000 size=04584h ( 17796) load[0m
[0;32mI (142) esp_image: segment 3: paddr=00040020 vaddr=42000020 size=82f6ch (536428) map[0m
[0;32mI (243) esp_image: segment 4: paddr=000c2f94 vaddr=40378584 size=0feb4h ( 65204) load[0m
[0;32mI (266) boot: Loaded app from partition at offset 0x10000[0m
[0;32mI (267) boot: Disabling RNG early entropy source...[0m
[0;32mI (278) cpu_start: Multicore app[0m
[0;32mI (288) cpu_start: Pro cpu start user code[0m
[0;32mI (288) cpu_start: cpu freq: 160000000 Hz[0m
[0;32mI (288) cpu_start: Application information:[0m
[0;32mI (291) cpu_start: Project name:     fft2r[0m
[0;32mI (296) cpu_start: App version:      51e3ed2-dirty[0m
[0;32mI (301) cpu_start: Compile time:     May 17 2024 11:53:57[0m
[0;32mI (307) cpu_start: ELF file SHA256:  9b7dcec98...[0m
[0;32mI (313) cpu_start: ESP-IDF:          v5.2[0m
[0;32mI (317) cpu_start: Min chip rev:     v0.0[0m
[0;32mI (322) cpu_start: Max chip rev:     v0.99 [0m
[0;32mI (327) cpu_start: Chip rev:         v0.2[0m
[0;32mI (332) heap_init: Initializing. RAM available for dynamic allocation:[0m
[0;32mI (339) heap_init: At 3FCA4DD8 len 00044938 (274 KiB): RAM[0m
[0;32mI (345) heap_init: At 3FCE9710 len 00005724 (21 KiB): RAM[0m
[0;32mI (351) heap_init: At 3FCF0000 len 00008000 (32 KiB): DRAM[0m
[0;32mI (357) heap_init: At 600FE010 len 00001FD8 (7 KiB): RTCRAM[0m
[0;32mI (365) spi_flash: detected chip: gd[0m
[0;32mI (368) spi_flash: flash io: dio[0m
[0;32mI (372) sleep: Configure to isolate all GPIO pins in sleep state[0m
[0;32mI (379) sleep: Enable automatic switching of GPIO sleep configuration[0m
[0;32mI (386) main_task: Started on CPU0[0m
[0;32mI (396) main_task: Calling app_main()[0m
[0;32mI (416) example_connect: Start example_connect.[0m
[0;32mI (416) pp: pp rom version: e7ae62f[0m
[0;32mI (416) net80211: net80211 rom version: e7ae62f[0m
I (436) wifi:wifi driver task: 3fcaec74, prio:23, stack:6656, core=0
I (446) wifi:wifi firmware version: cc1dd81
I (446) wifi:wifi certification version: v7.0
I (446) wifi:config NVS flash: enabled
I (446) wifi:config nano formating: disabled
I (446) wifi:Init data frame dynamic rx buffer num: 32
I (456) wifi:Init static rx mgmt buffer num: 5
I (456) wifi:Init management short buffer num: 32
I (466) wifi:Init dynamic tx buffer num: 32
I (466) wifi:Init static tx FG buffer num: 2
I (466) wifi:Init static rx buffer size: 1600
I (476) wifi:Init static rx buffer num: 10
I (476) wifi:Init dynamic rx buffer num: 32
[0;32mI (486) wifi_init: rx ba win: 6[0m
[0;32mI (486) wifi_init: tcpip mbox: 32[0m
[0;32mI (486) wifi_init: udp mbox: 6[0m
[0;32mI (496) wifi_init: tcp mbox: 6[0m
[0;32mI (496) wifi_init: tcp tx win: 5760[0m
[0;32mI (496) wifi_init: tcp rx win: 5760[0m
[0;32mI (506) wifi_init: tcp mss: 1440[0m
[0;32mI (506) wifi_init: WiFi IRAM OP enabled[0m
[0;32mI (516) wifi_init: WiFi RX IRAM OP enabled[0m
[0;32mI (516) phy_init: phy_version 620,ec7ec30,Sep  5 2023,13:49:13[0m
I (556) wifi:mode : sta (48:27:e2:e2:ee:98)
I (556) wifi:enable tsf
[0;32mI (566) example_connect: Connecting to iPhone (22)...[0m
[0;32mI (566) example_connect: Waiting for IP(s)[0m
I (2976) wifi:new:<6,0>, old:<1,0>, ap:<255,255>, sta:<6,0>, prof:1
I (2976) wifi:state: init -> auth (b0)
I (3716) wifi:state: auth -> assoc (0)
I (3726) wifi:Association refused temporarily, comeback time 196 (TUs)
I (3936) wifi:state: assoc -> assoc (0)
I (3936) wifi:Association refused temporarily, comeback time 196 (TUs)
I (4136) wifi:state: assoc -> assoc (0)
I (4146) wifi:Association refused temporarily, comeback time 196 (TUs)
I (4346) wifi:state: assoc -> assoc (0)
I (4346) wifi:Association refused temporarily, comeback time 196 (TUs)
I (4546) wifi:state: assoc -> assoc (0)
I (4556) wifi:state: assoc -> run (10)
I (4636) wifi:connected with iPhone (22), aid = 1, channel 6, BW20, bssid = 76:9e:15:48:c5:b7
I (4636) wifi:security: WPA3-SAE, phy: bgn, rssi: -75
I (4636) wifi:pm start, type: 1

I (4646) wifi:dp: 1, bi: 102400, li: 3, scale listen interval from 307200 us to 307200 us
I (4656) wifi:set rx beacon pti, rx_bcn_pti: 0, bcn_timeout: 25000, mt_pti: 0, mt_time: 10000
I (4666) wifi:<ba-add>idx:0 (ifx:0, 76:9e:15:48:c5:b7), tid:0, ssn:20, winSize:64
I (4686) wifi:AP's beacon interval = 102400 us, DTIM period = 1
[0;32mI (5666) esp_netif_handlers: example_netif_sta ip: 172.20.10.3, mask: 255.255.255.240, gw: 172.20.10.1[0m
[0;32mI (5666) example_connect: Got IPv4 event: Interface "example_netif_sta" address: 172.20.10.3[0m
[0;32mI (6416) example_connect: Got IPv6 event: Interface "example_netif_sta" address: fe80:0000:0000:0000:4a27:e2ff:fee2:ee98, type: ESP_IP6_ADDR_IS_LINK_LOCAL[0m
[0;32mI (6416) example_common: Connected to example_netif_sta[0m
[0;32mI (6426) example_common: - IPv4 address: 172.20.10.3,[0m
[0;32mI (6426) example_common: - IPv6 address: fe80:0000:0000:0000:4a27:e2ff:fee2:ee98, type: ESP_IP6_ADDR_IS_LINK_LOCAL[0m
[0;32mI (6436) main: Start FFT.[0m
[0;32mI (6496) main: THE MAX Index is 2[0m
[0;33mW (6496) main: Signal x1[0m
[0;32mI (6496) view: Data min[511] = -1.722893, Data max[220] = 5.672237[0m
 ________________________________________________________________
0                                                                |
1                                                                |
2                                                                |
3|||||||||||||||||||||||||||||||||||||||||||||||||||||||||||||||||
4                                                                |
5                                                                |
6                                                                |
7                                                                |
8                                                                |
9                                                                |
 0123456789012345678901234567890123456789012345678901234567890123
[0;32mI (6566) view: Plot: Length=512, min=-60.000000, max=40.000000[0m
[0;33mW (6576) main: FFT[0m
[0;32mI (6576) view: Data min[510] = -24.236752, Data max[1] = 42.183899[0m
 ________________________________________________________________
0|                                                               |
1|                                                               |
2||                                                              |
3  |||                                                           |
4     |||||||||||                                                |
5                |||||||||||||||||||||||||||||||||||||||||||||||||
6                                                                |
7                                                                |
8                                                                |
9                                                                |
 0123456789012345678901234567890123456789012345678901234567890123
[0;32mI (6656) view: Plot: Length=512, min=-60.000000, max=40.000000[0m
[0;32mI (6666) view: Data min[510] = -24.236752, Data max[1] = 42.183899[0m
 ________________________________________________________________
0|                                                               |
1|                                                               |
2||                                                              |
3  |||                                                           |
4     |||||||||||                                                |
5                |||||||||||||||||||||||||||||||||||||||||||||||||
6                                                                |
7                                                                |
8                                                                |
9                                                                |
 0123456789012345678901234567890123456789012345678901234567890123
[0;32mI (6736) view: Plot: Length=512, min=-60.000000, max=40.000000[0m
[0;32mI (6746) main: FFT for 1024 complex points take 129899 cycles[0m
[0;32mI (6756) main: The maximum frequency of the signal is 3.906250, and the relative magnitude value is 4114.764648[0m
[0;32mI (6766) main: Resampled at freq 8[0m
Guru Meditation Error: Core  1 panic'ed (LoadProhibited). Exception was unhandled.

Core  1 register dump:
PC      : 0x4037daac  PS      : 0x00060033  A0      : 0x8037e2f9  A1      : 0x3fca98d0  
A2      : 0xa5a5a5a5  A3      : 0xa5a5a5a5  A4      : 0x00000000  A5      : 0x00060023  
A6      : 0x00000001  A7      : 0x00000000  A8      : 0xa99ecbec  A9      : 0x00000001  
A10     : 0x00000014  A11     : 0x40000000  A12     : 0x00000001  A13     : 0x3fc9ce8c  
A14     : 0x40000000  A15     : 0x00000001  SAR     : 0x00000012  EXCCAUSE: 0x0000001c  
EXCVADDR: 0xa99ecbf8  LBEG    : 0x00000000  LEND    : 0x00000000  LCOUNT  : 0x00000000  


Backtrace: 0x4037daa9:0x3fca98d0 0x4037e2f6:0x3fca98f0 0x4037cf88:0x3fca9910 0x4037cf7e:0xa5a5a5a5 |<-CORRUPTED




ELF file SHA256: 9b7dcec98

Rebooting...
ï¿½ï¿½ï¿½ESP-ROM:esp32s3-20210327
Build:Mar 27 2021
rst:0xc (RTC_SW_CPU_RST),boot:0x8 (SPI_FAST_FLASH_BOOT)
Saved PC:0x40033620
SPIWP:0xee
mode:DIO, clock div:1
load:0x3fce3810,len:0x178c
load:0x403c9700,len:0x4
load:0x403c9704,len:0xcbc
load:0x403cc700,len:0x2d98
entry 0x403c9914
[0;32mI (31) boot: ESP-IDF v5.2 2nd stage bootloader[0m
[0;32mI (31) boot: compile time May 17 2024 11:54:22[0m
[0;32mI (31) boot: Multicore bootloader[0m
[0;32mI (34) boot: chip revision: v0.2[0m
[0;32mI (38) boot.esp32s3: Boot SPI Speed : 80MHz[0m
[0;32mI (43) boot.esp32s3: SPI Mode       : DIO[0m
[0;32mI (47) boot.esp32s3: SPI Flash Size : 8MB[0m
[0;32mI (52) boot: Enabling RNG early entropy source...[0m
[0;32mI (58) boot: Partition Table:[0m
[0;32mI (61) boot: ## Label            Usage          Type ST Offset   Length[0m
[0;32mI (68) boot:  0 nvs              WiFi data        01 02 00009000 00006000[0m
[0;32mI (76) boot:  1 phy_init         RF data          01 01 0000f000 00001000[0m
[0;32mI (83) boot:  2 factory          factory app      00 00 00010000 00100000[0m
[0;32mI (91) boot: End of partition table[0m
[0;32mI (95) esp_image: segment 0: paddr=00010020 vaddr=3c090020 size=27428h (160808) map[0m
[0;32mI (132) esp_image: segment 1: paddr=00037450 vaddr=3fc98500 size=0463ch ( 17980) load[0m
[0;32mI (137) esp_image: segment 2: paddr=0003ba94 vaddr=40374000 size=04584h ( 17796) load[0m
[0;32mI (142) esp_image: segment 3: paddr=00040020 vaddr=42000020 size=82f6ch (536428) map[0m
[0;32mI (243) esp_image: segment 4: paddr=000c2f94 vaddr=40378584 size=0feb4h ( 65204) load[0m
[0;32mI (266) boot: Loaded app from partition at offset 0x10000[0m
[0;32mI (267) boot: Disabling RNG early entropy source...[0m
[0;32mI (278) cpu_start: Multicore app[0m
[0;32mI (288) cpu_start: Pro cpu start user code[0m
[0;32mI (288) cpu_start: cpu freq: 160000000 Hz[0m
[0;32mI (288) cpu_start: Application information:[0m
[0;32mI (291) cpu_start: Project name:     fft2r[0m
[0;32mI (296) cpu_start: App version:      51e3ed2-dirty[0m
[0;32mI (301) cpu_start: Compile time:     May 17 2024 11:53:57[0m
[0;32mI (307) cpu_start: ELF file SHA256:  9b7dcec98...[0m
[0;32mI (313) cpu_start: ESP-IDF:          v5.2[0m
[0;32mI (317) cpu_start: Min chip rev:     v0.0[0m
[0;32mI (322) cpu_start: Max chip rev:     v0.99 [0m
[0;32mI (327) cpu_start: Chip rev:         v0.2[0m
[0;32mI (332) heap_init: Initializing. RAM available for dynamic allocation:[0m
[0;32mI (339) heap_init: At 3FCA4DD8 len 00044938 (274 KiB): RAM[0m
[0;32mI (345) heap_init: At 3FCE9710 len 00005724 (21 KiB): RAM[0m
[0;32mI (351) heap_init: At 3FCF0000 len 00008000 (32 KiB): DRAM[0m
[0;32mI (357) heap_init: At 600FE010 len 00001FD8 (7 KiB): RTCRAM[0m
[0;32mI (365) spi_flash: detected chip: gd[0m
[0;32mI (368) spi_flash: flash io: dio[0m
[0;32mI (372) sleep: Configure to isolate all GPIO pins in sleep state[0m
[0;32mI (379) sleep: Enable automatic switching of GPIO sleep configuration[0m
[0;32mI (386) main_task: Started on CPU0[0m
[0;32mI (396) main_task: Calling app_main()[0m
[0;32mI (416) example_connect: Start example_connect.[0m
[0;32mI (416) pp: pp rom version: e7ae62f[0m
[0;32mI (416) net80211: net80211 rom version: e7ae62f[0m
I (436) wifi:wifi driver task: 3fcaec74, prio:23, stack:6656, core=0
I (446) wifi:wifi firmware version: cc1dd81
I (446) wifi:wifi certification version: v7.0
I (446) wifi:config NVS flash: enabled
I (446) wifi:config nano formating: disabled
I (446) wifi:Init data frame dynamic rx buffer num: 32
I (456) wifi:Init static rx mgmt buffer num: 5
I (456) wifi:Init management short buffer num: 32
I (466) wifi:Init dynamic tx buffer num: 32
I (466) wifi:Init static tx FG buffer num: 2
I (466) wifi:Init static rx buffer size: 1600
I (476) wifi:Init static rx buffer num: 10
I (476) wifi:Init dynamic rx buffer num: 32
[0;32mI (486) wifi_init: rx ba win: 6[0m
[0;32mI (486) wifi_init: tcpip mbox: 32[0m
[0;32mI (486) wifi_init: udp mbox: 6[0m
[0;32mI (496) wifi_init: tcp mbox: 6[0m
[0;32mI (496) wifi_init: tcp tx win: 5760[0m
[0;32mI (496) wifi_init: tcp rx win: 5760[0m
[0;32mI (506) wifi_init: tcp mss: 1440[0m
[0;32mI (506) wifi_init: WiFi IRAM OP enabled[0m
[0;32mI (516) wifi_init: WiFi RX IRAM OP enabled[0m
[0;32mI (516) phy_init: phy_version 620,ec7ec30,Sep  5 2023,13:49:13[0m
I (556) wifi:mode : sta (48:27:e2:e2:ee:98)
I (556) wifi:enable tsf
[0;32mI (566) example_connect: Connecting to iPhone (22)...[0m
[0;32mI (566) example_connect: Waiting for IP(s)[0m
I (2976) wifi:new:<6,0>, old:<1,0>, ap:<255,255>, sta:<6,0>, prof:1
I (2976) wifi:state: init -> auth (b0)
I (3716) wifi:state: auth -> assoc (0)
I (3716) wifi:Association refused temporarily, comeback time 196 (TUs)
I (3916) wifi:state: assoc -> assoc (0)
I (3926) wifi:Association refused temporarily, comeback time 196 (TUs)
I (4126) wifi:state: assoc -> assoc (0)
I (4126) wifi:Association refused temporarily, comeback time 196 (TUs)
I (4326) wifi:state: assoc -> assoc (0)
I (4336) wifi:Association refused temporarily, comeback time 196 (TUs)
I (4536) wifi:state: assoc -> assoc (0)
I (4546) wifi:state: assoc -> run (10)
I (4616) wifi:connected with iPhone (22), aid = 1, channel 6, BW20, bssid = 76:9e:15:48:c5:b7
I (4616) wifi:security: WPA3-SAE, phy: bgn, rssi: -75
I (4616) wifi:pm start, type: 1

I (4616) wifi:dp: 1, bi: 102400, li: 3, scale listen interval from 307200 us to 307200 us
I (4626) wifi:set rx beacon pti, rx_bcn_pti: 0, bcn_timeout: 25000, mt_pti: 0, mt_time: 10000
I (4646) wifi:<ba-add>idx:0 (ifx:0, 76:9e:15:48:c5:b7), tid:0, ssn:25, winSize:64
I (4646) wifi:AP's beacon interval = 102400 us, DTIM period = 1
