ESP-ROM:esp32s3-20210327
Build:Mar 27 2021
rst:0x1 (POWERON),boot:0x8 (SPI_FAST_FLASH_BOOT)
SPIWP:0xee
mode:DIO, clock div:1
load:0x3fce3810,len:0x178c
load:0x403c9700,len:0x4
load:0x403c9704,len:0xcbc
load:0x403cc700,len:0x2d98
entry 0x403c9914
[0;32mI (27) boot: ESP-IDF v5.2 2nd stage bootloader[0m
[0;32mI (27) boot: compile time May 14 2024 18:44:10[0m
[0;32mI (27) boot: Multicore bootloader[0m
[0;32mI (30) boot: chip revision: v0.2[0m
[0;32mI (34) boot.esp32s3: Boot SPI Speed : 80MHz[0m
[0;32mI (38) boot.esp32s3: SPI Mode       : DIO[0m
[0;32mI (43) boot.esp32s3: SPI Flash Size : 2MB[0m
[0;32mI (48) boot: Enabling RNG early entropy source...[0m
[0;32mI (53) boot: Partition Table:[0m
[0;32mI (57) boot: ## Label            Usage          Type ST Offset   Length[0m
[0;32mI (64) boot:  0 nvs              WiFi data        01 02 00009000 00006000[0m
[0;32mI (71) boot:  1 phy_init         RF data          01 01 0000f000 00001000[0m
[0;32mI (79) boot:  2 factory          factory app      00 00 00010000 00100000[0m
[0;32mI (86) boot: End of partition table[0m
[0;32mI (91) esp_image: segment 0: paddr=00010020 vaddr=3c090020 size=27378h (160632) map[0m
[0;32mI (128) esp_image: segment 1: paddr=000373a0 vaddr=3fc98500 size=045dch ( 17884) load[0m
[0;32mI (132) esp_image: segment 2: paddr=0003b984 vaddr=40374000 size=04694h ( 18068) load[0m
[0;32mI (138) esp_image: segment 3: paddr=00040020 vaddr=42000020 size=82a10h (535056) map[0m
[0;32mI (238) esp_image: segment 4: paddr=000c2a38 vaddr=40378694 size=0fda4h ( 64932) load[0m
[0;32mI (261) boot: Loaded app from partition at offset 0x10000[0m
[0;32mI (261) boot: Disabling RNG early entropy source...[0m
[0;32mI (273) cpu_start: Multicore app[0m
[0;32mI (283) cpu_start: Pro cpu start user code[0m
[0;32mI (283) cpu_start: cpu freq: 160000000 Hz[0m
[0;32mI (283) cpu_start: Application information:[0m
[0;32mI (286) cpu_start: Project name:     fft2r[0m
[0;32mI (290) cpu_start: App version:      8411b54-dirty[0m
[0;32mI (296) cpu_start: Compile time:     May 14 2024 19:11:18[0m
[0;32mI (302) cpu_start: ELF file SHA256:  5f8c11412...[0m
[0;32mI (307) cpu_start: ESP-IDF:          v5.2[0m
[0;32mI (312) cpu_start: Min chip rev:     v0.0[0m
[0;32mI (317) cpu_start: Max chip rev:     v0.99 [0m
[0;32mI (322) cpu_start: Chip rev:         v0.2[0m
[0;32mI (326) heap_init: Initializing. RAM available for dynamic allocation:[0m
[0;32mI (334) heap_init: At 3FCA5578 len 00044198 (272 KiB): RAM[0m
[0;32mI (340) heap_init: At 3FCE9710 len 00005724 (21 KiB): RAM[0m
[0;32mI (346) heap_init: At 3FCF0000 len 00008000 (32 KiB): DRAM[0m
[0;32mI (352) heap_init: At 600FE010 len 00001FD8 (7 KiB): RTCRAM[0m
[0;32mI (359) spi_flash: detected chip: gd[0m
[0;32mI (362) spi_flash: flash io: dio[0m
[0;33mW (366) spi_flash: Detected size(8192k) larger than the size in the binary image header(2048k). Using the size in the binary image header.[0m
[0;32mI (380) sleep: Configure to isolate all GPIO pins in sleep state[0m
[0;32mI (386) sleep: Enable automatic switching of GPIO sleep configuration[0m
[0;32mI (394) main_task: Started on CPU0[0m
[0;32mI (404) main_task: Calling app_main()[0m
[0;32mI (424) example_connect: Start example_connect.[0m
[0;32mI (424) pp: pp rom version: e7ae62f[0m
[0;32mI (424) net80211: net80211 rom version: e7ae62f[0m
I (444) wifi:wifi driver task: 3fcaf414, prio:23, stack:6656, core=0
I (454) wifi:wifi firmware version: cc1dd81
I (454) wifi:wifi certification version: v7.0
I (454) wifi:config NVS flash: enabled
I (454) wifi:config nano formating: disabled
I (454) wifi:Init data frame dynamic rx buffer num: 32
I (464) wifi:Init static rx mgmt buffer num: 5
I (464) wifi:Init management short buffer num: 32
I (474) wifi:Init dynamic tx buffer num: 32
I (474) wifi:Init static tx FG buffer num: 2
I (474) wifi:Init static rx buffer size: 1600
I (484) wifi:Init static rx buffer num: 10
I (484) wifi:Init dynamic rx buffer num: 32
[0;32mI (494) wifi_init: rx ba win: 6[0m
[0;32mI (494) wifi_init: tcpip mbox: 32[0m
[0;32mI (494) wifi_init: udp mbox: 6[0m
[0;32mI (504) wifi_init: tcp mbox: 6[0m
[0;32mI (504) wifi_init: tcp tx win: 5760[0m
[0;32mI (504) wifi_init: tcp rx win: 5760[0m
[0;32mI (514) wifi_init: tcp mss: 1440[0m
[0;32mI (514) wifi_init: WiFi IRAM OP enabled[0m
[0;32mI (524) wifi_init: WiFi RX IRAM OP enabled[0m
[0;32mI (524) phy_init: phy_version 620,ec7ec30,Sep  5 2023,13:49:13[0m
I (564) wifi:mode : sta (48:27:e2:e2:ee:98)
I (574) wifi:enable tsf
[0;32mI (574) example_connect: Connecting to iPhone (22)...[0m
[0;32mI (574) example_connect: Waiting for IP(s)[0m
[0;32mI (2984) example_connect: Wi-Fi disconnected, trying to reconnect...[0m
[0;32mI (5394) example_connect: Wi-Fi disconnected, trying to reconnect...[0m
[0;32mI (7794) example_connect: Wi-Fi disconnected, trying to reconnect...[0m
[0;32mI (10204) example_connect: Wi-Fi disconnected, trying to reconnect...[0m
[0;32mI (12614) example_connect: Wi-Fi disconnected, trying to reconnect...[0m
[0;32mI (15024) example_connect: Wi-Fi disconnected, trying to reconnect...[0m
[0;32mI (17434) example_connect: WiFi Connect failed 7 times, stop reconnect.[0m
ESP_ERROR_CHECK failed: esp_err_t 0xffffffff (ESP_FAIL) at 0x42008a15
file: "./main/dsps_fft_main.c" line 197
func: app_main
expression: example_connect()

abort() was called at PC 0x4037bfbb on core 0


Backtrace: 0x40375a26:0x3fca91d0 0x4037bfc5:0x3fca91f0 0x40383fdd:0x3fca9210 0x4037bfbb:0x3fca9280 0x42008a15:0x3fca92b0 0x42081a0f:0x3fca92f0 0x4037cad1:0x3fca9320




ELF file SHA256: 5f8c11412

Rebooting...
ï¿½ï¿½ï¿½ESP-ROM:esp32s3-20210327
Build:Mar 27 2021
rst:0xc (RTC_SW_CPU_RST),boot:0x8 (SPI_FAST_FLASH_BOOT)
Saved PC:0x4037599c
SPIWP:0xee
mode:DIO, clock div:1
load:0x3fce3810,len:0x178c
load:0x403c9700,len:0x4
load:0x403c9704,len:0xcbc
load:0x403cc700,len:0x2d98
entry 0x403c9914
[0;32mI (31) boot: ESP-IDF v5.2 2nd stage bootloader[0m
[0;32mI (31) boot: compile time May 14 2024 18:44:10[0m
[0;32mI (31) boot: Multicore bootloader[0m
[0;32mI (34) boot: chip revision: v0.2[0m
[0;32mI (38) boot.esp32s3: Boot SPI Speed : 80MHz[0m
[0;32mI (43) boot.esp32s3: SPI Mode       : DIO[0m
[0;32mI (47) boot.esp32s3: SPI Flash Size : 2MB[0m
[0;32mI (52) boot: Enabling RNG early entropy source...[0m
[0;32mI (58) boot: Partition Table:[0m
[0;32mI (61) boot: ## Label            Usage          Type ST Offset   Length[0m
[0;32mI (68) boot:  0 nvs              WiFi data        01 02 00009000 00006000[0m
[0;32mI (76) boot:  1 phy_init         RF data          01 01 0000f000 00001000[0m
[0;32mI (83) boot:  2 factory          factory app      00 00 00010000 00100000[0m
[0;32mI (91) boot: End of partition table[0m
[0;32mI (95) esp_image: segment 0: paddr=00010020 vaddr=3c090020 size=27378h (160632) map[0m
[0;32mI (132) esp_image: segment 1: paddr=000373a0 vaddr=3fc98500 size=045dch ( 17884) load[0m
[0;32mI (136) esp_image: segment 2: paddr=0003b984 vaddr=40374000 size=04694h ( 18068) load[0m
[0;32mI (142) esp_image: segment 3: paddr=00040020 vaddr=42000020 size=82a10h (535056) map[0m
[0;32mI (243) esp_image: segment 4: paddr=000c2a38 vaddr=40378694 size=0fda4h ( 64932) load[0m
[0;32mI (265) boot: Loaded app from partition at offset 0x10000[0m
[0;32mI (266) boot: Disabling RNG early entropy source...[0m
[0;32mI (277) cpu_start: Multicore app[0m
[0;32mI (287) cpu_start: Pro cpu start user code[0m
[0;32mI (287) cpu_start: cpu freq: 160000000 Hz[0m
[0;32mI (287) cpu_start: Application information:[0m
[0;32mI (290) cpu_start: Project name:     fft2r[0m
[0;32mI (295) cpu_start: App version:      8411b54-dirty[0m
[0;32mI (300) cpu_start: Compile time:     May 14 2024 19:11:18[0m
[0;32mI (306) cpu_start: ELF file SHA256:  5f8c11412...[0m
[0;32mI (312) cpu_start: ESP-IDF:          v5.2[0m
[0;32mI (316) cpu_start: Min chip rev:     v0.0[0m
[0;32mI (321) cpu_start: Max chip rev:     v0.99 [0m
[0;32mI (326) cpu_start: Chip rev:         v0.2[0m
[0;32mI (331) heap_init: Initializing. RAM available for dynamic allocation:[0m
[0;32mI (338) heap_init: At 3FCA5578 len 00044198 (272 KiB): RAM[0m
[0;32mI (344) heap_init: At 3FCE9710 len 00005724 (21 KiB): RAM[0m
[0;32mI (350) heap_init: At 3FCF0000 len 00008000 (32 KiB): DRAM[0m
[0;32mI (356) heap_init: At 600FE010 len 00001FD8 (7 KiB): RTCRAM[0m
[0;32mI (364) spi_flash: detected chip: gd[0m
[0;32mI (367) spi_flash: flash io: dio[0m
[0;33mW (371) spi_flash: Detected size(8192k) larger than the size in the binary image header(2048k). Using the size in the binary image header.[0m
[0;32mI (384) sleep: Configure to isolate all GPIO pins in sleep state[0m
[0;32mI (391) sleep: Enable automatic switching of GPIO sleep configuration[0m
[0;32mI (398) main_task: Started on CPU0[0m
[0;32mI (408) main_task: Calling app_main()[0m
[0;32mI (428) example_connect: Start example_connect.[0m
[0;32mI (428) pp: pp rom version: e7ae62f[0m
[0;32mI (428) net80211: net80211 rom version: e7ae62f[0m
I (448) wifi:wifi driver task: 3fcaf414, prio:23, stack:6656, core=0
I (458) wifi:wifi firmware version: cc1dd81
I (458) wifi:wifi certification version: v7.0
I (458) wifi:config NVS flash: enabled
I (458) wifi:config nano formating: disabled
I (458) wifi:Init data frame dynamic rx buffer num: 32
I (468) wifi:Init static rx mgmt buffer num: 5
I (468) wifi:Init management short buffer num: 32
I (478) wifi:Init dynamic tx buffer num: 32
I (478) wifi:Init static tx FG buffer num: 2
I (478) wifi:Init static rx buffer size: 1600
I (488) wifi:Init static rx buffer num: 10
I (488) wifi:Init dynamic rx buffer num: 32
[0;32mI (498) wifi_init: rx ba win: 6[0m
[0;32mI (498) wifi_init: tcpip mbox: 32[0m
[0;32mI (498) wifi_init: udp mbox: 6[0m
[0;32mI (508) wifi_init: tcp mbox: 6[0m
[0;32mI (508) wifi_init: tcp tx win: 5760[0m
[0;32mI (508) wifi_init: tcp rx win: 5760[0m
[0;32mI (518) wifi_init: tcp mss: 1440[0m
[0;32mI (518) wifi_init: WiFi IRAM OP enabled[0m
[0;32mI (528) wifi_init: WiFi RX IRAM OP enabled[0m
[0;32mI (528) phy_init: phy_version 620,ec7ec30,Sep  5 2023,13:49:13[0m
I (568) wifi:mode : sta (48:27:e2:e2:ee:98)
I (568) wifi:enable tsf
[0;32mI (578) example_connect: Connecting to iPhone (22)...[0m
[0;32mI (578) example_connect: Waiting for IP(s)[0m
[0;32mI (2988) example_connect: Wi-Fi disconnected, trying to reconnect...[0m
[0;32mI (5388) example_connect: Wi-Fi disconnected, trying to reconnect...[0m
[0;32mI (7798) example_connect: Wi-Fi disconnected, trying to reconnect...[0m
[0;32mI (10208) example_connect: Wi-Fi disconnected, trying to reconnect...[0m
[0;32mI (12618) example_connect: Wi-Fi disconnected, trying to reconnect...[0m
[0;32mI (15028) example_connect: Wi-Fi disconnected, trying to reconnect...[0m
[0;32mI (17438) example_connect: WiFi Connect failed 7 times, stop reconnect.[0m
ESP_ERROR_CHECK failed: esp_err_t 0xffffffff (ESP_FAIL) at 0x42008a15
file: "./main/dsps_fft_main.c" line 197
func: app_main
expression: example_connect()

abort() was called at PC 0x4037bfbb on core 0


Backtrace: 0x40375a26:0x3fca91d0 0x4037bfc5:0x3fca91f0 0x40383fdd:0x3fca9210 0x4037bfbb:0x3fca9280 0x42008a15:0x3fca92b0 0x42081a0f:0x3fca92f0 0x4037cad1:0x3fca9320




ELF file SHA256: 5f8c11412

Rebooting...
ï¿½ï¿½ï¿½ESP-ROM:esp32s3-20210327
Build:Mar 27 2021
rst:0xc (RTC_SW_CPU_RST),boot:0x8 (SPI_FAST_FLASH_BOOT)
Saved PC:0x4037599c
SPIWP:0xee
mode:DIO, clock div:1
load:0x3fce3810,len:0x178c
load:0x403c9700,len:0x4
load:0x403c9704,len:0xcbc
load:0x403cc700,len:0x2d98
entry 0x403c9914
[0;32mI (31) boot: ESP-IDF v5.2 2nd stage bootloader[0m
[0;32mI (31) boot: compile time May 14 2024 18:44:10[0m
[0;32mI (31) boot: Multicore bootloader[0m
[0;32mI (34) boot: chip revision: v0.2[0m
[0;32mI (38) boot.esp32s3: Boot SPI Speed : 80MHz[0m
[0;32mI (43) boot.esp32s3: SPI Mode       : DIO[0m
[0;32mI (47) boot.esp32s3: SPI Flash Size : 2MB[0m
[0;32mI (52) boot: Enabling RNG early entropy source...[0m
[0;32mI (58) boot: Partition Table:[0m
[0;32mI (61) boot: ## Label            Usage          Type ST Offset   Length[0m
[0;32mI (68) boot:  0 nvs              WiFi data        01 02 00009000 00006000[0m
[0;32mI (76) boot:  1 phy_init         RF data          01 01 0000f000 00001000[0m
[0;32mI (83) boot:  2 factory          factory app      00 00 00010000 00100000[0m
[0;32mI (91) boot: End of partition table[0m
[0;32mI (95) esp_image: segment 0: paddr=00010020 vaddr=3c090020 size=27378h (160632) map[0m
[0;32mI (132) esp_image: segment 1: paddr=000373a0 vaddr=3fc98500 size=045dch ( 17884) load[0m
[0;32mI (136) esp_image: segment 2: paddr=0003b984 vaddr=40374000 size=04694h ( 18068) load[0m
[0;32mI (142) esp_image: segment 3: paddr=00040020 vaddr=42000020 size=82a10h (535056) map[0m
[0;32mI (243) esp_image: segment 4: paddr=000c2a38 vaddr=40378694 size=0fda4h ( 64932) load[0m
[0;32mI (265) boot: Loaded app from partition at offset 0x10000[0m
[0;32mI (266) boot: Disabling RNG early entropy source...[0m
[0;32mI (277) cpu_start: Multicore app[0m
[0;32mI (287) cpu_start: Pro cpu start user code[0m
[0;32mI (287) cpu_start: cpu freq: 160000000 Hz[0m
[0;32mI (287) cpu_start: Application information:[0m
[0;32mI (290) cpu_start: Project name:     fft2r[0m
[0;32mI (295) cpu_start: App version:      8411b54-dirty[0m
[0;32mI (300) cpu_start: Compile time:     May 14 2024 19:11:18[0m
[0;32mI (306) cpu_start: ELF file SHA256:  5f8c11412...[0m
[0;32mI (312) cpu_start: ESP-IDF:          v5.2[0m
[0;32mI (316) cpu_start: Min chip rev:     v0.0[0m
[0;32mI (321) cpu_start: Max chip rev:     v0.99 [0m
[0;32mI (326) cpu_start: Chip rev:         v0.2[0m
[0;32mI (331) heap_init: Initializing. RAM available for dynamic allocation:[0m
[0;32mI (338) heap_init: At 3FCA5578 len 00044198 (272 KiB): RAM[0m
[0;32mI (344) heap_init: At 3FCE9710 len 00005724 (21 KiB): RAM[0m
[0;32mI (350) heap_init: At 3FCF0000 len 00008000 (32 KiB): DRAM[0m
[0;32mI (356) heap_init: At 600FE010 len 00001FD8 (7 KiB): RTCRAM[0m
[0;32mI (364) spi_flash: detected chip: gd[0m
[0;32mI (367) spi_flash: flash io: dio[0m
[0;33mW (371) spi_flash: Detected size(8192k) larger than the size in the binary image header(2048k). Using the size in the binary image header.[0m
[0;32mI (384) sleep: Configure to isolate all GPIO pins in sleep state[0m
[0;32mI (391) sleep: Enable automatic switching of GPIO sleep configuration[0m
[0;32mI (398) main_task: Started on CPU0[0m
[0;32mI (408) main_task: Calling app_main()[0m
[0;32mI (428) example_connect: Start example_connect.[0m
[0;32mI (428) pp: pp rom version: e7ae62f[0m
[0;32mI (428) net80211: net80211 rom version: e7ae62f[0m
I (448) wifi:wifi driver task: 3fcaf414, prio:23, stack:6656, core=0
I (458) wifi:wifi firmware version: cc1dd81
I (458) wifi:wifi certification version: v7.0
I (458) wifi:config NVS flash: enabled
I (458) wifi:config nano formating: disabled
I (458) wifi:Init data frame dynamic rx buffer num: 32
I (468) wifi:Init static rx mgmt buffer num: 5
I (468) wifi:Init management short buffer num: 32
I (478) wifi:Init dynamic tx buffer num: 32
I (478) wifi:Init static tx FG buffer num: 2
I (478) wifi:Init static rx buffer size: 1600
I (488) wifi:Init static rx buffer num: 10
I (488) wifi:Init dynamic rx buffer num: 32
[0;32mI (498) wifi_init: rx ba win: 6[0m
[0;32mI (498) wifi_init: tcpip mbox: 32[0m
[0;32mI (498) wifi_init: udp mbox: 6[0m
[0;32mI (508) wifi_init: tcp mbox: 6[0m
[0;32mI (508) wifi_init: tcp tx win: 5760[0m
[0;32mI (508) wifi_init: tcp rx win: 5760[0m
[0;32mI (518) wifi_init: tcp mss: 1440[0m
[0;32mI (518) wifi_init: WiFi IRAM OP enabled[0m
[0;32mI (528) wifi_init: WiFi RX IRAM OP enabled[0m
[0;32mI (528) phy_init: phy_version 620,ec7ec30,Sep  5 2023,13:49:13[0m
I (568) wifi:mode : sta (48:27:e2:e2:ee:98)
I (568) wifi:enable tsf
[0;32mI (578) example_connect: Connecting to iPhone (22)...[0m
[0;32mI (578) example_connect: Waiting for IP(s)[0m
[0;32mI (2988) example_connect: Wi-Fi disconnected, trying to reconnect...[0m
[0;32mI (5388) example_connect: Wi-Fi disconnected, trying to reconnect...[0m
[0;32mI (7798) example_connect: Wi-Fi disconnected, trying to reconnect...[0m
[0;32mI (10208) example_connect: Wi-Fi disconnected, trying to reconnect...[0m
[0;32mI (12618) example_connect: Wi-Fi disconnected, trying to reconnect...[0m
[0;32mI (15028) example_connect: Wi-Fi disconnected, trying to reconnect...[0m
[0;32mI (17438) example_connect: WiFi Connect failed 7 times, stop reconnect.[0m
ESP_ERROR_CHECK failed: esp_err_t 0xffffffff (ESP_FAIL) at 0x42008a15
file: "./main/dsps_fft_main.c" line 197
func: app_main
expression: example_connect()

abort() was called at PC 0x4037bfbb on core 0


Backtrace: 0x40375a26:0x3fca91d0 0x4037bfc5:0x3fca91f0 0x40383fdd:0x3fca9210 0x4037bfbb:0x3fca9280 0x42008a15:0x3fca92b0 0x42081a0f:0x3fca92f0 0x4037cad1:0x3fca9320




ELF file SHA256: 5f8c11412

Rebooting...
ï¿½ï¿½ï¿½ESP-ROM:esp32s3-20210327
Build:Mar 27 2021
rst:0xc (RTC_SW_CPU_RST),boot:0x8 (SPI_FAST_FLASH_BOOT)
Saved PC:0x4037599c
SPIWP:0xee
mode:DIO, clock div:1
load:0x3fce3810,len:0x178c
load:0x403c9700,len:0x4
load:0x403c9704,len:0xcbc
load:0x403cc700,len:0x2d98
entry 0x403c9914
[0;32mI (31) boot: ESP-IDF v5.2 2nd stage bootloader[0m
[0;32mI (31) boot: compile time May 14 2024 18:44:10[0m
[0;32mI (31) boot: Multicore bootloader[0m
[0;32mI (34) boot: chip revision: v0.2[0m
[0;32mI (38) boot.esp32s3: Boot SPI Speed : 80MHz[0m
[0;32mI (43) boot.esp32s3: SPI Mode       : DIO[0m
[0;32mI (47) boot.esp32s3: SPI Flash Size : 2MB[0m
[0;32mI (52) boot: Enabling RNG early entropy source...[0m
[0;32mI (58) boot: Partition Table:[0m
[0;32mI (61) boot: ## Label            Usage          Type ST Offset   Length[0m
[0;32mI (68) boot:  0 nvs              WiFi data        01 02 00009000 00006000[0m
[0;32mI (76) boot:  1 phy_init         RF data          01 01 0000f000 00001000[0m
[0;32mI (83) boot:  2 factory          factory app      00 00 00010000 00100000[0m
[0;32mI (91) boot: End of partition table[0m
[0;32mI (95) esp_image: segment 0: paddr=00010020 vaddr=3c090020 size=27378h (160632) map[0m
[0;32mI (132) esp_image: segment 1: paddr=000373a0 vaddr=3fc98500 size=045dch ( 17884) load[0m
[0;32mI (136) esp_image: segment 2: paddr=0003b984 vaddr=40374000 size=04694h ( 18068) load[0m
[0;32mI (142) esp_image: segment 3: paddr=00040020 vaddr=42000020 size=82a10h (535056) map[0m
[0;32mI (243) esp_image: segment 4: paddr=000c2a38 vaddr=40378694 size=0fda4h ( 64932) load[0m
[0;32mI (265) boot: Loaded app from partition at offset 0x10000[0m
[0;32mI (266) boot: Disabling RNG early entropy source...[0m
[0;32mI (277) cpu_start: Multicore app[0m
[0;32mI (287) cpu_start: Pro cpu start user code[0m
[0;32mI (287) cpu_start: cpu freq: 160000000 Hz[0m
[0;32mI (287) cpu_start: Application information:[0m
[0;32mI (290) cpu_start: Project name:     fft2r[0m
[0;32mI (295) cpu_start: App version:      8411b54-dirty[0m
[0;32mI (300) cpu_start: Compile time:     May 14 2024 19:11:18[0m
[0;32mI (306) cpu_start: ELF file SHA256:  5f8c11412...[0m
[0;32mI (312) cpu_start: ESP-IDF:          v5.2[0m
[0;32mI (316) cpu_start: Min chip rev:     v0.0[0m
[0;32mI (321) cpu_start: Max chip rev:     v0.99 [0m
[0;32mI (326) cpu_start: Chip rev:         v0.2[0m
[0;32mI (331) heap_init: Initializing. RAM available for dynamic allocation:[0m
[0;32mI (338) heap_init: At 3FCA5578 len 00044198 (272 KiB): RAM[0m
[0;32mI (344) heap_init: At 3FCE9710 len 00005724 (21 KiB): RAM[0m
[0;32mI (350) heap_init: At 3FCF0000 len 00008000 (32 KiB): DRAM[0m
[0;32mI (356) heap_init: At 600FE010 len 00001FD8 (7 KiB): RTCRAM[0m
[0;32mI (364) spi_flash: detected chip: gd[0m
[0;32mI (367) spi_flash: flash io: dio[0m
[0;33mW (371) spi_flash: Detected size(8192k) larger than the size in the binary image header(2048k). Using the size in the binary image header.[0m
[0;32mI (384) sleep: Configure to isolate all GPIO pins in sleep state[0m
[0;32mI (391) sleep: Enable automatic switching of GPIO sleep configuration[0m
[0;32mI (398) main_task: Started on CPU0[0m
[0;32mI (408) main_task: Calling app_main()[0m
[0;32mI (428) example_connect: Start example_connect.[0m
[0;32mI (428) pp: pp rom version: e7ae62f[0m
[0;32mI (428) net80211: net80211 rom version: e7ae62f[0m
I (448) wifi:wifi driver task: 3fcaf414, prio:23, stack:6656, core=0
I (458) wifi:wifi firmware version: cc1dd81
I (458) wifi:wifi certification version: v7.0
I (458) wifi:config NVS flash: enabled
I (458) wifi:config nano formating: disabled
I (458) wifi:Init data frame dynamic rx buffer num: 32
I (468) wifi:Init static rx mgmt buffer num: 5
I (468) wifi:Init management short buffer num: 32
I (478) wifi:Init dynamic tx buffer num: 32
I (478) wifi:Init static tx FG buffer num: 2
I (478) wifi:Init static rx buffer size: 1600
I (488) wifi:Init static rx buffer num: 10
I (488) wifi:Init dynamic rx buffer num: 32
[0;32mI (498) wifi_init: rx ba win: 6[0m
[0;32mI (498) wifi_init: tcpip mbox: 32[0m
[0;32mI (498) wifi_init: udp mbox: 6[0m
[0;32mI (508) wifi_init: tcp mbox: 6[0m
[0;32mI (508) wifi_init: tcp tx win: 5760[0m
[0;32mI (508) wifi_init: tcp rx win: 5760[0m
[0;32mI (518) wifi_init: tcp mss: 1440[0m
[0;32mI (518) wifi_init: WiFi IRAM OP enabled[0m
[0;32mI (528) wifi_init: WiFi RX IRAM OP enabled[0m
[0;32mI (528) phy_init: phy_version 620,ec7ec30,Sep  5 2023,13:49:13[0m
I (568) wifi:mode : sta (48:27:e2:e2:ee:98)
I (568) wifi:enable tsf
[0;32mI (578) example_connect: Connecting to iPhone (22)...[0m
[0;32mI (578) example_connect: Waiting for IP(s)[0m
[0;32mI (2988) example_connect: Wi-Fi disconnected, trying to reconnect...[0m
[0;32mI (5398) example_connect: Wi-Fi disconnected, trying to reconnect...[0m
[0;32mI (7798) example_connect: Wi-Fi disconnected, trying to reconnect...[0m
[0;32mI (10208) example_connect: Wi-Fi disconnected, trying to reconnect...[0m
[0;32mI (12618) example_connect: Wi-Fi disconnected, trying to reconnect...[0m
[0;32mI (15028) example_connect: Wi-Fi disconnected, trying to reconnect...[0m
I (17438) wifi:new:<6,0>, old:<1,0>, ap:<255,255>, sta:<6,0>, prof:1
I (17438) wifi:state: init -> auth (b0)
I (18178) wifi:state: auth -> assoc (0)
I (18188) wifi:state: assoc -> run (10)
I (18238) wifi:connected with iPhone (22), aid = 1, channel 6, BW20, bssid = e6:9a:0d:81:ec:a6
I (18238) wifi:security: WPA3-SAE, phy: bgn, rssi: -71
I (18238) wifi:pm start, type: 1

I (18238) wifi:dp: 1, bi: 102400, li: 3, scale listen interval from 307200 us to 307200 us
I (18248) wifi:set rx beacon pti, rx_bcn_pti: 0, bcn_timeout: 25000, mt_pti: 0, mt_time: 10000
I (18278) wifi:AP's beacon interval = 102400 us, DTIM period = 1
I (18428) wifi:<ba-add>idx:0 (ifx:0, e6:9a:0d:81:ec:a6), tid:0, ssn:2, winSize:64
[0;32mI (19258) esp_netif_handlers: example_netif_sta ip: 172.20.10.3, mask: 255.255.255.240, gw: 172.20.10.1[0m
[0;32mI (19258) example_connect: Got IPv4 event: Interface "example_netif_sta" address: 172.20.10.3[0m
[0;32mI (19428) example_connect: Got IPv6 event: Interface "example_netif_sta" address: fe80:0000:0000:0000:4a27:e2ff:fee2:ee98, type: ESP_IP6_ADDR_IS_LINK_LOCAL[0m
[0;32mI (19428) example_common: Connected to example_netif_sta[0m
[0;32mI (19438) example_common: - IPv4 address: 172.20.10.3,[0m
[0;32mI (19438) example_common: - IPv6 address: fe80:0000:0000:0000:4a27:e2ff:fee2:ee98, type: ESP_IP6_ADDR_IS_LINK_LOCAL[0m
[0;32mI (19448) main: Start Example.[0m
[0;33mW (19498) main: Signal x1[0m
[0;32mI (19498) view: Data min[347] = -inf, Data max[164] = 23.930540[0m
 ________________________________________________________________
0                                                                |
1                    |                                           |
2                    |                                           |
3                    |                                           |
4                    |                                           |
5                    |                                           |
6                   | |                                          |
7                   | |                                          |
8                  || ||                                         |
9||||||||||||||||||     ||||||||||||||||||||||||||||||||||||||||||
 0123456789012345678901234567890123456789012345678901234567890123
[0;32mI (19568) view: Plot: Length=512, min=-60.000000, max=40.000000[0m
[0;32mI (19578) view: Data min[511] = -0.998028, Data max[14] = 0.998027[0m
 ________________________________________________________________
0                                                                |
1                                                                |
2                                                                |
3|||||||||||||||||||||||||||||||||||||||||||||||||||||||||||||||||
4                                                                |
5                                                                |
6                                                                |
7                                                                |
8                                                                |
9                                                                |
 0123456789012345678901234567890123456789012345678901234567890123
[0;32mI (19658) view: Plot: Length=512, min=-60.000000, max=40.000000[0m
[0;32mI (19658) main: FFT for 1024 complex points take 130384 cycles[0m
[0;32mI (19668) main: The maximum frequency of the signal is 331, and the relative amplitude value is 172.145706[0m
[0;32mI (19678) main_task: Returned from app_main()[0m
